interactions:
- request:
    body: null
    headers:
      Accept:
      - '*/*'
      Accept-Encoding:
      - gzip, deflate
      Connection:
      - keep-alive
      User-Agent:
      - python-requests/2.24.0
    method: GET
    uri: https://www.blaseball.com/database/team?id=a37f9158-7f82-46bc-908c-c9e2dda7c33b
  response:
    body:
      string: "{\"id\":\"a37f9158-7f82-46bc-908c-c9e2dda7c33b\",\"lineup\":[\"2f3d7bc7-6ffb-40c3-a94f-5e626be413c9\",\"0f61d948-4f0c-4550-8410-ae1c7f9f5613\",\"f3c07eaf-3d6c-4cc3-9e54-cbecc9c08286\",\"18f45a1b-76eb-4b59-a275-c64cf62afce0\",\"e69db30d-74ac-4265-8da6-467b0d25694b\",\"b9293beb-d199-4b46-add9-c02f9362d802\",\"678170e4-0688-436d-a02d-c0467f9af8c0\",\"ef9f8b95-9e73-49cd-be54-60f84858a285\",\"b348c037-eefc-4b81-8edd-dfa96188a97e\"],\"rotation\":[\"5dbf11c0-994a-4482-bd1e-99379148ee45\",\"ea44bd36-65b4-4f3b-ac71-78d87a540b48\",\"9c3273a0-2711-4958-b716-bfcf60857013\",\"d23a1f7e-0071-444e-8361-6ae01f13036f\",\"bf122660-df52-4fc4-9e70-ee185423ff93\",\"ae81e172-801a-4236-929a-b990fc7190ce\"],\"bullpen\":[\"e376a90b-7ffe-47a2-a934-f36d6806f17d\",\"f6342729-a38a-4204-af8d-64b7accb5620\",\"4f328502-d347-4d2c-8fad-6ae59431d781\",\"dac2fd55-5686-465f-a1b6-6fbed0b417c5\",\"5fbf04bb-f5ec-4589-ab19-1d89cda056bd\",\"ecf19925-dc57-4b89-b114-923d5a714dbe\",\"52cfebfb-8008-4b9f-a566-72a30e0b64bf\",\"b5c95dba-2624-41b0-aacd-ac3e1e1fe828\"],\"bench\":[\"16a59f5f-ef0f-4ada-8682-891ad571a0b6\",\"3de17e21-17db-4a6b-b7ab-0b2f3c154f42\",\"f10ba06e-d509-414b-90cd-4d70d43c75f9\",\"ac5e4ce2-de6f-408b-9910-a52bb1d1a978\"],\"seasAttr\":[\"PARTY_TIME\"],\"permAttr\":[],\"fullName\":\"Breckenridge
        Jazz Hands\",\"location\":\"Breckenridge\",\"mainColor\":\"#6388ad\",\"nickname\":\"Jazz
        Hands\",\"secondaryColor\":\"#7ba9d7\",\"shorthand\":\"BJAZ\",\"emoji\":\"0x1F450\",\"slogan\":\"We\u2019ve
        Got Winning to Do. Just for You.\",\"shameRuns\":0,\"totalShames\":73,\"totalShamings\":60,\"seasonShames\":4,\"seasonShamings\":4,\"championships\":0,\"weekAttr\":[],\"gameAttr\":[],\"rotationSlot\":99,\"teamSpirit\":0,\"card\":15,\"tournamentWins\":0,\"stadium\":\"60e78a6c-fe49-4283-8293-735e9fa7e3e9\",\"eDensity\":1914.55877056197,\"state\":{\"permModSources\":{}},\"evolution\":0,\"winStreak\":-1,\"level\":5}"
    headers:
      Connection:
      - keep-alive
      Content-Length:
      - '1749'
      Content-Type:
      - application/json; charset=utf-8
      Date:
      - Fri, 09 Apr 2021 23:52:28 GMT
      Etag:
      - W/"6d5-GPlSHKku0K+V/qs9WtV9m7KR/+w"
      Server:
      - Cowboy
      Vary:
      - Host, X-Forwarded-Proto
      Via:
      - 1.1 vegur
      X-Powered-By:
      - Express
    status:
      code: 200
      message: OK
- request:
    body: null
    headers:
      Accept:
      - '*/*'
      Accept-Encoding:
      - gzip, deflate
      Connection:
      - keep-alive
      User-Agent:
      - python-requests/2.24.0
    method: GET
    uri: https://www.blaseball.com/database/team?id=f02aeae2-5e6a-4098-9842-02d2273f25c7
  response:
    body:
      string: '{"id":"f02aeae2-5e6a-4098-9842-02d2273f25c7","lineup":["f0bcf4bb-74b3-412e-a54c-04c12ad28ecb","cf8e152e-2d27-4dcc-ba2b-68127de4e6a4","2b5f5dd7-e31f-4829-bec5-546652103bc0","72ca8ed5-a8c7-4571-9745-80de5a49b2d1","df4da81a-917b-434f-b309-f00423ee4967","4f69e8c2-b2a1-4e98-996a-ccf35ac844c5","d4a10c2a-0c28-466a-9213-38ba3339b65e","89f74891-2e25-4b5a-bd99-c95ba3f36aa0"],"rotation":["5703141c-25d9-46d0-b680-0cf9cfbf4777","3d3be7b8-1cbf-450d-8503-fce0daf46cbf","f883269f-117e-45ec-bb1e-fa8dbcf40d3e","20fd71e7-4fa0-4132-9f47-06a314ed539a","333067fd-c2b4-4045-a9a4-e87a8d0332d0"],"bullpen":["3dd85c20-a251-4903-8a3b-1b96941c07b7","206bd649-4f5f-4707-ad85-92784be4eb95","126fb128-7c53-45b5-ac2b-5dbf9943d71b","088884af-f38d-4914-9d67-b319287481b4","6644d767-ab15-4528-a4ce-ae1f8aadb65f","14bfad43-2638-41ec-8964-8351f22e9c4f","459f7700-521e-40da-9483-4d111119d659","b69aa26f-71f7-4e17-bc36-49c875872cc1","4c53fcd8-df02-4a80-99c9-51710863bc7f","e0d64270-6f5a-4c10-9b22-f91f9d4f241c"],"bench":["1f145436-b25d-49b9-a1e3-2d3c91626211","4562ac1f-026c-472c-b4e9-ee6ff800d701","e3c06405-0564-47ce-bbbd-552bee4dd66f","8b0d717f-ae42-4492-b2ed-106912e2b530","5a6b0c6d-1cc8-4acb-991c-0ffe62f3d990","5f5b3b18-ebc5-4611-b8bf-61b8c6a3ba12","24ca976f-ddf2-4966-ba14-4fd2b9b20341","aca90625-5bde-4489-bc9f-a7996a7b9a30"],"seasAttr":[],"permAttr":["BASE_INSTINCTS"],"fullName":"Hellmouth
        Sunbeams","location":"Hellmouth","mainColor":"#fffbab","nickname":"Sunbeams","secondaryColor":"#fffbab","shorthand":"SUN","emoji":"0x1F31E","slogan":"Stare
        into the Sun...","shameRuns":0,"totalShames":75,"totalShamings":59,"seasonShames":3,"seasonShamings":8,"championships":1,"weekAttr":[],"gameAttr":[],"rotationSlot":99,"teamSpirit":0,"card":11,"tournamentWins":0,"stadium":"8e900d85-7d4c-47d0-a67f-6432144f0210","eDensity":2195.353307636445,"state":{},"evolution":0,"winStreak":-1,"level":5}'
    headers:
      Connection:
      - keep-alive
      Content-Length:
      - '1861'
      Content-Type:
      - application/json; charset=utf-8
      Date:
      - Fri, 09 Apr 2021 23:52:28 GMT
      Etag:
      - W/"745-6KIaTM211negRkk78mHJV0ONmgA"
      Server:
      - Cowboy
      Vary:
      - Host, X-Forwarded-Proto
      Via:
      - 1.1 vegur
      X-Powered-By:
      - Express
    status:
      code: 200
      message: OK
- request:
    body: null
    headers:
      Accept:
      - '*/*'
      Accept-Encoding:
      - gzip, deflate
      Connection:
      - keep-alive
      User-Agent:
      - python-requests/2.24.0
    method: GET
    uri: https://www.blaseball.com/database/team?id=23e4cbc1-e9cd-47fa-a35b-bfa06f726cb7
  response:
    body:
      string: '{"id":"23e4cbc1-e9cd-47fa-a35b-bfa06f726cb7","lineup":["32810dca-825c-4dbc-8b65-0702794c424e","26cfccf2-850e-43eb-b085-ff73ad0749b8","b323f897-ccf9-4200-8870-249cbe19f904","405dfadf-d435-4307-82f6-8eba2287e87a","da0bbbe6-d13c-40cc-9594-8c476975d93d","dd6044ef-c635-4aed-97bd-d18068432b8f","083d09d4-7ed3-4100-b021-8fbe30dd43e8"],"rotation":["c6e2e389-ed04-4626-a5ba-fe398fe89568","190a0f31-d686-4ac4-a7f3-cfc87b72c145","ca26d8cc-8668-48c9-a061-28f6fdf5f44d","814bae61-071a-449b-981e-e7afc839d6d6","80dff591-2393-448a-8d88-122bd424fa4c"],"bullpen":["0672a4be-7e00-402c-b8d6-0b813f58ba96","62111c49-1521-4ca7-8678-cd45dacf0858","7f379b72-f4f0-4d8f-b88b-63211cf50ba6","906a5728-5454-44a0-adfe-fd8be15b8d9b","90cc0211-cd04-4cac-bdac-646c792773fc","a7b0bef3-ee3c-42d4-9e6d-683cd9f5ed84","b85161da-7f4c-42a8-b7f6-19789cf6861d","d2a1e734-60d9-4989-b7d9-6eacda70486b","ce99d7af-ba75-48a7-a5d8-d46f543829f2"],"bench":["20395b48-279d-44ff-b5bf-7cf2624a2d30","d8bc482e-9309-4230-abcb-2c5a6412446d","cd5494b4-05d0-4b2e-8578-357f0923ff4c","e495cadc-a645-439d-a556-e41de7493f18","a0e7445f-2b93-4ca7-a69d-ff32593700ee","7f3f2e75-900e-40b6-846b-db585541490d"],"seasAttr":["PARTY_TIME"],"permAttr":["AFFINITY_FOR_CROWS"],"fullName":"Philly
        Pies","location":"Philly","mainColor":"#399d8f","nickname":"Pies","secondaryColor":"#58c3b4","shorthand":"PHIL","emoji":"0x1F967","slogan":"Pie
        or Die.","shameRuns":0,"totalShames":82,"totalShamings":52,"seasonShames":7,"seasonShamings":3,"championships":2,"weekAttr":[],"gameAttr":[],"rotationSlot":99,"teamSpirit":0,"card":8,"tournamentWins":0,"stadium":"a109bd65-bfd3-43c7-9eb8-70dddc4d8a29","eDensity":1953.356481717029,"state":{},"evolution":0,"winStreak":-1,"level":5}'
    headers:
      Connection:
      - keep-alive
      Content-Length:
      - '1697'
      Content-Type:
      - application/json; charset=utf-8
      Date:
      - Fri, 09 Apr 2021 23:52:28 GMT
      Etag:
      - W/"6a1-J365XIKt0Zis5MxNM5Animb8SOU"
      Server:
      - Cowboy
      Vary:
      - Host, X-Forwarded-Proto
      Via:
      - 1.1 vegur
      X-Powered-By:
      - Express
    status:
      code: 200
      message: OK
- request:
    body: null
    headers:
      Accept:
      - '*/*'
      Accept-Encoding:
      - gzip, deflate
      Connection:
      - keep-alive
      User-Agent:
      - python-requests/2.24.0
    method: GET
    uri: https://www.blaseball.com/database/team?id=eb67ae5e-c4bf-46ca-bbbc-425cd34182ff
  response:
    body:
      string: '{"id":"eb67ae5e-c4bf-46ca-bbbc-425cd34182ff","lineup":["611d18e0-b972-4cdd-afc2-793c56bfe5a9","a7d8196a-ca6b-4dab-a9d7-c27f3e86cc21","d89da2d2-674c-4b85-8959-a4bd406f760a","90768354-957e-4b4c-bb6d-eab6bbda0ba3","dddb6485-0527-4523-9bec-324a5b66bf37","9be56060-3b01-47aa-a090-d072ef109fbf","8c8cc584-199b-4b76-b2cd-eaa9a74965e5","c31d874c-1b4d-40f2-a1b3-42542e934047","9f85676a-7411-444a-8ae2-c7f8f73c285c","238f8c50-311f-4486-a734-e1a17606af4d"],"rotation":["e6502bc7-5b76-4939-9fb8-132057390b30","a691f2ba-9b69-41f8-892c-1acd42c336e4","36786f44-9066-4028-98d9-4fa84465ab9e","338694b7-6256-4724-86b6-3884299a5d9e"],"bullpen":["64f59d5f-8740-4ebf-91bd-d7697b542a9f","8f11ad58-e0b9-465c-9442-f46991274557","3ebb5361-3895-4a50-801e-e7a0ee61750c","7853aa8c-e86d-4483-927d-c1d14ea3a34d","ceb5606d-ea3f-4471-9ca7-3d2e71a50dde","27faa5a7-d3a8-4d2d-8e62-47cfeba74ff0","c57222fd-df55-464c-a44e-b15443e61b70","c3b1b4e5-4b88-4245-b2b1-ae3ade57349e"],"bench":["6524e9e0-828a-46c4-935d-0ee2edeb7e9a","51cba429-13e8-487e-9568-847b7b8b9ac5","24cb35c1-c24c-45ca-ac0b-f99a2e650d89","9ba361a1-16d5-4f30-b590-fc4fc2fb53d2","c90eafdf-4244-41e0-8a66-adf31d700f02","c09e66b3-5847-4cbb-aeba-2b70e7bafedb","750c7d44-757a-430c-9fa3-d4ca22111933","9fc3c6ae-5ed5-49ce-a75b-257ec1022a15"],"seasAttr":[],"permAttr":["HIGH_PRESSURE"],"fullName":"Canada
        Moist Talkers","location":"Canada","mainColor":"#f5feff","nickname":"Moist
        Talkers","secondaryColor":"#f5feff","shorthand":"CAN","emoji":"0x1F5E3","slogan":"Talk
        Spit, Get Hits","shameRuns":0,"totalShames":77,"totalShamings":68,"seasonShames":7,"seasonShamings":3,"championships":1,"weekAttr":[],"gameAttr":[],"rotationSlot":99,"teamSpirit":0,"card":4,"tournamentWins":0,"stadium":"f71fd587-d20c-461c-88a4-1634a2df3f43","eDensity":2114.4987732148884,"state":{"permModSources":{}},"evolution":0,"winStreak":4,"level":5}'
    headers:
      Connection:
      - keep-alive
      Content-Length:
      - '1841'
      Content-Type:
      - application/json; charset=utf-8
      Date:
      - Fri, 09 Apr 2021 23:52:28 GMT
      Etag:
      - W/"731-VLq8PizqZu0KL+rxZoyqUtm2ZGk"
      Server:
      - Cowboy
      Vary:
      - Host, X-Forwarded-Proto
      Via:
      - 1.1 vegur
      X-Powered-By:
      - Express
    status:
      code: 200
      message: OK
- request:
    body: null
    headers:
      Accept:
      - '*/*'
      Accept-Encoding:
      - gzip, deflate
      Connection:
      - keep-alive
      User-Agent:
      - python-requests/2.24.0
    method: GET
    uri: https://www.blaseball.com/database/team?id=c73b705c-40ad-4633-a6ed-d357ee2e2bcf
  response:
    body:
      string: "{\"id\":\"c73b705c-40ad-4633-a6ed-d357ee2e2bcf\",\"lineup\":[\"da67c196-4cac-428b-8c18-2a411055ea35\",\"b60605e6-ff41-4388-a61a-fafd2175f7ad\",\"e2f39815-5291-4dcf-ba19-97dcf0c015e9\",\"d86f836e-4edf-4dbd-9743-14f30461ee14\",\"2d07ccd0-cac7-4ccd-bab6-a078bb983174\",\"3188d641-4fcc-4d5e-887d-5f454b4c4ff8\",\"19241aa4-38e3-45ed-9750-68f4401f80e1\",\"864b3be8-e836-426e-ae56-20345b41d03d\",\"adcbc290-81c5-4da9-b4da-2e594b080710\"],\"rotation\":[\"62ae6aa9-e346-4faa-b07c-1f7623580015\",\"6a567da6-7c96-44d3-85de-e5a08a919250\",\"fa40d6ea-e24b-4422-9df1-0643ab202c5f\",\"9c23702b-f0c2-4668-8bcc-61bbdbbfd93e\",\"cfb42325-592a-4119-9b40-4cdc19959b09\",\"f741dc01-2bae-4459-bfc0-f97536193eea\"],\"bullpen\":[\"7088350c-905b-4ac0-a982-64191ecaecaa\",\"831b1121-ca14-4dbb-afee-56660bb11f0c\",\"8f357c9c-521a-4062-a771-2e547746a164\",\"f90c398b-eef0-40cb-8b07-302a759e8bd1\",\"6833ca7d-910e-48f5-b25d-2886cdb08d0e\",\"15840c01-d8ea-4823-a802-9b635c51efa2\",\"f106291a-5935-449e-b075-75e62d1d1b07\",\"51c70634-c50a-47a9-bc11-60fa72329875\"],\"bench\":[\"89c8f6bf-94a2-4e56-8412-bdb0182509a9\",\"c549f280-82ba-4d8e-a4ce-c49e56461fb6\",\"6f39a2f9-76d7-44fd-8a6d-00f87d7bb004\",\"54c724af-b163-4319-93c7-fdcafbbcc990\",\"800ac627-0334-41d5-98df-c51a47e46aef\"],\"seasAttr\":[\"PARTY_TIME\"],\"permAttr\":[\"POPCORN_PAYOUTS\"],\"fullName\":\"Tokyo
        Lift\",\"location\":\"Tokyo\",\"mainColor\":\"#e830ab\",\"nickname\":\"Lift\",\"secondaryColor\":\"#e830ab\",\"shorthand\":\"TKL\",\"emoji\":\"\U0001F3CB\uFE0F\u200D\u2640\uFE0F\",\"slogan\":\"Heart
        and Swole\",\"shameRuns\":0,\"totalShames\":28,\"totalShamings\":15,\"seasonShames\":3,\"seasonShamings\":5,\"championships\":0,\"weekAttr\":[],\"gameAttr\":[],\"rotationSlot\":99,\"teamSpirit\":0,\"card\":10,\"tournamentWins\":0,\"stadium\":\"7f09624b-b3cf-4493-b768-adf090bebf21\",\"eDensity\":1965.6700988817634,\"state\":{},\"evolution\":0,\"winStreak\":1,\"level\":5}"
    headers:
      Connection:
      - keep-alive
      Content-Length:
      - '1744'
      Content-Type:
      - application/json; charset=utf-8
      Date:
      - Fri, 09 Apr 2021 23:52:28 GMT
      Etag:
      - W/"6d0-kraktxVUrGrbLYGLfxLUwj7eViM"
      Server:
      - Cowboy
      Vary:
      - Host, X-Forwarded-Proto
      Via:
      - 1.1 vegur
      X-Powered-By:
      - Express
    status:
      code: 200
      message: OK
- request:
    body: null
    headers:
      Accept:
      - '*/*'
      Accept-Encoding:
      - gzip, deflate
      Connection:
      - keep-alive
      User-Agent:
      - python-requests/2.24.0
    method: GET
    uri: https://www.blaseball.com/database/team?id=57ec08cc-0411-4643-b304-0e80dbc15ac7
  response:
    body:
      string: '{"id":"57ec08cc-0411-4643-b304-0e80dbc15ac7","lineup":["80e474a3-7d2b-431d-8192-2f1e27162607","4542f0b0-3409-4a4a-a9e1-e8e8e5d73fcf","f236bd5b-4ff1-4154-a3cd-7cb3c0ddaa5b","f4ca437c-c31c-4508-afe7-6dae4330d717","ce0e57a7-89f5-41ea-80f9-6e649dd54089","d6c69d2d-9344-4b19-85a4-6cfcbaead5d2","e4f1f358-ee1f-4466-863e-f329766279d0","ad1e670a-f346-4bf7-a02f-a91649c41ccb","c07ab5a8-ece3-4c4d-b2d2-98e3a7cf864f","c9a22fa4-1721-4eef-a1a6-620cdf7d377f","99766c1b-c590-4261-b1b7-3e9c7fc35608"],"rotation":["65273615-22d5-4df1-9a73-707b23e828d5","28162da7-eafa-4eb1-8bc1-5a625f03ae57","7007cbd3-7c7b-44fd-9d6b-393e82b1c06e","bd8778e5-02e8-4d1f-9c31-7b63942cc570","089af518-e27c-4256-adc8-62e3f4b30f43"],"bullpen":["aa7ac9cb-e9db-4313-9941-9f3431728dce","1750de38-8f5f-426a-9e23-2899a15a2031","e919dfae-91c3-475c-b5d5-8b0c14940c41","ceac785e-55fd-4a4e-9bc8-17a662a58a38","ca709205-226d-4d92-8be6-5f7871f48e26","6bd4cf6e-fefe-499a-aa7a-890bcc7b53fa","094ad9a1-e2c7-49a0-af18-da0e3eb656ba","19af0d67-c73b-4ef2-bc84-e923c1336db5"],"bench":["23110c0f-2cf9-4d9c-ab2d-634f2f18867e","7951836f-581a-49d5-ae2f-049c6bcc575e","75e80e46-276d-4388-bb6a-da9125a0e8ad","4204c2d1-ca48-4af7-b827-e99907f12d61","df94a335-1677-4200-a23f-d794689a5732"],"seasAttr":[],"permAttr":[],"fullName":"Mexico
        City Wild Wings","location":"Mexico City","mainColor":"#d15700","nickname":"Wild
        Wings","secondaryColor":"#ee6300","shorthand":"MCWW","emoji":"0x1F357","slogan":"Pase
        lo que Pase","shameRuns":0,"totalShames":71,"totalShamings":55,"seasonShames":6,"seasonShamings":6,"championships":1,"weekAttr":[],"gameAttr":[],"rotationSlot":101,"teamSpirit":0,"card":18,"tournamentWins":0,"stadium":"2841dc8c-b5a2-4b3a-a717-9e646e8e29fc","eDensity":1815.5119812079,"state":{},"evolution":0,"winStreak":1,"level":5}'
    headers:
      Connection:
      - keep-alive
      Content-Length:
      - '1769'
      Content-Type:
      - application/json; charset=utf-8
      Date:
      - Fri, 09 Apr 2021 23:52:28 GMT
      Etag:
      - W/"6e9-VrJqAReQQdlta/ijC/hV2NUtw9s"
      Server:
      - Cowboy
      Vary:
      - Host, X-Forwarded-Proto
      Via:
      - 1.1 vegur
      X-Powered-By:
      - Express
    status:
      code: 200
      message: OK
- request:
    body: null
    headers:
      Accept:
      - '*/*'
      Accept-Encoding:
      - gzip, deflate
      Connection:
      - keep-alive
      User-Agent:
      - python-requests/2.24.0
    method: GET
    uri: https://www.blaseball.com/database/team?id=adc5b394-8f76-416d-9ce9-813706877b84
  response:
    body:
      string: '{"id":"adc5b394-8f76-416d-9ce9-813706877b84","lineup":["88cd6efa-dbf2-4309-aabe-ec1d6f21f98a","4b6f0a4e-de18-44ad-b497-03b1f470c43c","fcbe1d14-04c4-4331-97ad-46e170610633","87e6ae4b-67de-4973-aa56-0fc9835a1e1e","a8a5cf36-d1a9-47d1-8d22-4a665933a7cc","fa5b54d2-b488-47cd-a529-592831e4813d","53e701c7-e3c8-4e18-ba05-9b41b4b64cda","cd417f8a-ce01-4ab2-921d-42e2e445bbe2"],"rotation":["a199a681-decf-4433-b6ab-5454450bbe5e","138fccc3-e66f-4b07-8327-d4b6f372f654","57290370-6723-4d33-929e-b4fc190e6a9a","7663c3ca-40a1-4f13-a430-14637dce797a","f2a27a7e-bf04-4d31-86f5-16bfa3addbe7"],"bullpen":["d46abb00-c546-4952-9218-4f16084e3238","6e373fca-b8ab-4848-9dcc-50e92cd732b7","9fd1f392-d492-4c48-8d46-27fb4283b2db","aae38811-122c-43dd-b59c-d0e203154dbe","113f47b2-3111-4abb-b25e-18f7889e2d44","64f4cd75-0c1e-42cf-9ff0-e41c4756f22a","a8e757c6-e299-4a2e-a370-4f7c3da98bd1","6598e40a-d76d-413f-ad06-ac4872875bde","90c8be89-896d-404c-945e-c135d063a74e"],"bench":["35d5b43f-8322-4666-aab1-d466b4a5a388","849e13dc-6eb1-40a8-b55c-d4b4cd160aab","e9a46e0c-0437-443a-be81-956665ec588e","6305e2dd-2d5d-49ed-ab47-b1b56f0e7e85"],"seasAttr":["MIDDLING","PARTY_TIME"],"permAttr":[],"fullName":"Kansas
        City Breath Mints","location":"Kansas City","mainColor":"#178f55","nickname":"Breath
        Mints","secondaryColor":"#178f55","shorthand":"KCBM","emoji":"0x1F36C","slogan":"Fresh
        Breath, Here We Come.","shameRuns":0,"totalShames":73,"totalShamings":53,"seasonShames":3,"seasonShamings":6,"championships":0,"weekAttr":[],"gameAttr":[],"rotationSlot":105,"teamSpirit":0,"card":12,"tournamentWins":0,"stadium":"21ce1233-b2d6-4bd2-8d03-68a8915afdc5","eDensity":1838.4433452092683,"state":{"permModSources":{}},"evolution":0,"winStreak":-1,"level":4}'
    headers:
      Connection:
      - keep-alive
      Content-Length:
      - '1713'
      Content-Type:
      - application/json; charset=utf-8
      Date:
      - Sat, 10 Apr 2021 21:01:41 GMT
      Etag:
      - W/"6b1-9bTAvWdaxymud8tfmYh9u9t7kQc"
      Server:
      - Cowboy
      Vary:
      - Host, X-Forwarded-Proto
      Via:
      - 1.1 vegur
      X-Powered-By:
      - Express
    status:
      code: 200
      message: OK
- request:
    body: null
    headers:
      Accept:
      - '*/*'
      Accept-Encoding:
      - gzip, deflate
      Connection:
      - keep-alive
      User-Agent:
      - python-requests/2.24.0
    method: GET
    uri: https://www.blaseball.com/database/team?id=b024e975-1c4a-4575-8936-a3754a08806a
  response:
    body:
      string: '{"id":"b024e975-1c4a-4575-8936-a3754a08806a","lineup":["740d5fef-d59f-4dac-9a75-739ec07f91cf","e7ecf646-e5e4-49ef-a0e3-10a78e87f5f4","41bdb527-1fb2-487d-8237-093958e737e4","817dee99-9ccf-4f41-84e3-dc9773237bc8","1068f44b-34a0-42d8-a92e-2be748681a6f","17397256-c28c-4cad-85f2-a21768c66e67","733d80f1-2485-40f7-828b-fd7cd8243a01","97f5a9cd-72f0-413e-9e68-a6ee6a663489","b39b5aae-8571-4c90-887a-6a00f2a2f6fd","a1ed3396-114a-40bc-9ff0-54d7e1ad1718"],"rotation":["b7ca8f3f-2fdc-477b-84f4-157f2802e9b5","6b8d128f-ed51-496d-a965-6614476f8256","82d1b7b4-ce00-4536-8631-a025f05150ce","042962c8-4d8b-44a6-b854-6ccef3d82716","3a96d76a-c508-45a0-94a0-8f64cd6beeb4"],"bullpen":["fdfd36c7-e0c1-4fce-98f7-921c3d17eafe","dd7e710f-da4e-475b-b870-2c29fe9d8c00","3f08f8cd-6418-447a-84d3-22a981c68f16","721fb947-7548-49ea-8cbe-7721b0ed49e0","c6bd21a8-7880-4c00-8abe-33560fe84ac5","4fe28bc1-f690-4ad6-ad09-1b2e984bf30b","ebf2da50-7711-46ba-9e49-341ce3487e00","d796d287-77ef-49f0-89ef-87bcdeb280ee"],"bench":["de52d5c0-cba4-4ace-8308-e2ed3f8799d0","13cfbadf-b048-4c4f-903d-f9b52616b15c","732899a3-2082-4d9f-b1c2-74c8b75e15fb","7d388846-8f4c-407f-aacb-b844d2561c5e"],"seasAttr":["PARTY_TIME"],"permAttr":[],"fullName":"Dallas
        Steaks","location":"Dallas","mainColor":"#8c8d8f","nickname":"Steaks","secondaryColor":"#b2b3b5","shorthand":"DAL","emoji":"0x1F969","slogan":"Well
        Done.","shameRuns":0,"totalShames":51,"totalShamings":70,"seasonShames":0,"seasonShamings":1,"championships":0,"weekAttr":[],"gameAttr":[],"rotationSlot":99,"teamSpirit":0,"card":3,"tournamentWins":0,"stadium":"6bfd22e7-831d-4ba9-a9f9-2cf7ab00c39d","eDensity":2014.0436157582335,"state":{},"evolution":0,"winStreak":3,"level":4}'
    headers:
      Connection:
      - keep-alive
      Content-Length:
      - '1679'
      Content-Type:
      - application/json; charset=utf-8
      Date:
      - Sat, 10 Apr 2021 21:01:41 GMT
      Etag:
      - W/"68f-KL1vxrbKxUIRa88gEOFLOx3djyQ"
      Server:
      - Cowboy
      Vary:
      - Host, X-Forwarded-Proto
      Via:
      - 1.1 vegur
      X-Powered-By:
      - Express
    status:
      code: 200
      message: OK
- request:
    body: null
    headers:
      Accept:
      - '*/*'
      Accept-Encoding:
      - gzip, deflate
      Connection:
      - keep-alive
      User-Agent:
      - python-requests/2.24.0
    method: GET
    uri: https://www.blaseball.com/database/team?id=747b8e4a-7e50-4638-a973-ea7950a3e739
  response:
    body:
      string: '{"id":"747b8e4a-7e50-4638-a973-ea7950a3e739","lineup":["efafe75e-2f00-4418-914c-9b6675d39264","c0177f76-67fc-4316-b650-894159dede45","b082ca6e-eb11-4eab-8d6a-30f8be522ec4","f245f6c6-4613-40f5-bc3b-85aa9ee3cf7e","5bcfb3ff-5786-4c6c-964c-5c325fcc48d7","7cf83bdc-f95f-49d3-b716-06f2cf60a78d","2e86de11-a2dd-4b28-b5fe-f4d0c38cd20b","7932c7c7-babb-4245-b9f5-cdadb97c99fb"],"rotation":["1db2f602-64b1-4a5c-8697-1932cc2c6df1","2720559e-9173-4042-aaa0-d3852b72ab2e","7aeb8e0b-f6fb-4a9e-bba2-335dada5f0a3","b3e512df-c411-4100-9544-0ceadddb28cf"],"bullpen":["5fc4713c-45e1-4593-a968-7defeb00a0d4","77a41c29-8abd-4456-b6e0-a034252700d2","a73427b3-e96a-4156-a9ab-844edc696fed","04f955fe-9cc9-4482-a4d2-07fe033b59ee","6e744b21-c4fa-4fa8-b4ea-e0e97f68ded5","37efef78-2df4-4c76-800c-43d4faf07737","58fca5fa-e559-4f5e-ac87-dc99dd19e410","2727215d-3714-438d-b1ba-2ed15ec481c0"],"bench":["9abe02fb-2b5a-432f-b0af-176be6bd62cf","32c9bce6-6e52-40fa-9f64-3629b3d026a8","695daf02-113d-4e76-b802-0862df16afbd","db3ff6f0-1045-4223-b3a8-a016ca987af9","6f71667b-59f2-46df-adac-a8885a4f6ac5","df34d168-4d6a-403c-aca5-2b1ebe90444d","2a8b371f-d2eb-4be7-b89f-aff10edb4412","128a33b9-c82f-408e-9fa3-5161f5a3e297","852107b8-8cf3-4fbb-97f9-76f73bc47708"],"seasAttr":["PARTY_TIME"],"permAttr":["FIREPROOF","SEALANT","AMBUSH"],"fullName":"Hades
        Tigers","location":"Hades","mainColor":"#5c1c1c","nickname":"Tigers","secondaryColor":"#e83622","shorthand":"HAT","emoji":"0x1F405","slogan":"Never
        Look Back.","shameRuns":0,"totalShames":54,"totalShamings":74,"seasonShames":5,"seasonShamings":1,"championships":3,"weekAttr":[],"gameAttr":[],"rotationSlot":107,"teamSpirit":0,"card":14,"tournamentWins":0,"stadium":"929fc650-948a-4736-b7a2-bb7b75902e6e","eDensity":2325.4988247841266,"state":{},"evolution":1,"winStreak":-2,"level":5}'
    headers:
      Connection:
      - keep-alive
      Content-Length:
      - '1794'
      Content-Type:
      - application/json; charset=utf-8
      Date:
      - Sat, 10 Apr 2021 21:01:41 GMT
      Etag:
      - W/"702-IN2Tt2Z08WyorYsUK5fpWJTlifw"
      Server:
      - Cowboy
      Vary:
      - Host, X-Forwarded-Proto
      Via:
      - 1.1 vegur
      X-Powered-By:
      - Express
    status:
      code: 200
      message: OK
- request:
    body: null
    headers:
      Accept:
      - '*/*'
      Accept-Encoding:
      - gzip, deflate
      Connection:
      - keep-alive
      User-Agent:
      - python-requests/2.24.0
    method: GET
    uri: https://www.blaseball.com/database/team?id=36569151-a2fb-43c1-9df7-2df512424c82
  response:
    body:
      string: '{"id":"36569151-a2fb-43c1-9df7-2df512424c82","lineup":["4b3e8e9b-6de1-4840-8751-b1fb45dc5605","766dfd1e-11c3-42b6-a167-9b2d568b5dc0","9e724d9a-92a0-436e-bde1-da0b2af85d8f","413b3ddb-d933-4567-a60e-6d157480239d","f38c5d80-093f-46eb-99d6-942aa45cd921","ec68845f-3b26-412f-8446-4fef34e09c77","04931546-1b4a-469f-b391-7ed67afe824c","16aff709-e855-47c8-8818-b9ba66e90fe8"],"rotation":["ae4acebd-edb5-4d20-bf69-f2d5151312ff","81d7d022-19d6-427d-aafc-031fcb79b29e","378c07b0-5645-44b5-869f-497d144c7b35","0c83e3b6-360e-4b7d-85e3-d906633c9ca0","18af933a-4afa-4cba-bda5-45160f3af99b","fedbceb8-e2aa-4868-ac35-74cd0445893f"],"bullpen":["ab9b2592-a64a-4913-bf6c-3ae5bd5d26a5","29bf512a-cd8c-4ceb-b25a-d96300c184bb","94d772c7-0254-4f08-814c-f6fc58fcfb9b","1e229fe5-a191-48ef-a7dd-6f6e13d6d73f","c4dec95e-78a1-4840-b209-b3b597181534","5c60f834-a133-4dc6-9c07-392fb37b3e6a","b7cdb93b-6f9d-468a-ae00-54cbc324ee84","c4951cae-0b47-468b-a3ac-390cc8e9fd05","cc113432-5f9b-46f8-9745-09f999d51801"],"bench":["1e7b02b7-6981-427a-b249-8e9bd35f3882","6a869b40-be99-4520-89e5-d382b07e4a3c","8d81b190-d3b8-4cd9-bcec-0e59fdd7f2bc","662f34f0-bd74-49a7-8506-50d4dd333c4c","c54fba12-2fb5-4091-b1d7-1449693b35d6","98220753-0a70-4a4e-8058-0a7bcb6f7d5d"],"seasAttr":["PARTY_TIME"],"permAttr":["BIRD_SEED"],"fullName":"New
        York Millennials","location":"New York","mainColor":"#ffd4d8","nickname":"Millennials","secondaryColor":"#ffd4d8","shorthand":"NYMI","emoji":"0x1F4F1","slogan":"Youth
        Will Save Us","shameRuns":0,"totalShames":69,"totalShamings":57,"seasonShames":7,"seasonShamings":3,"championships":0,"weekAttr":[],"gameAttr":[],"rotationSlot":103,"teamSpirit":0,"card":5,"tournamentWins":0,"stadium":"ba794e99-4d6b-4e12-9450-6522745190f8","eDensity":2261.0852158695416,"state":{},"evolution":0,"winStreak":-2,"level":5}'
    headers:
      Connection:
      - keep-alive
      Content-Length:
      - '1793'
      Content-Type:
      - application/json; charset=utf-8
      Date:
      - Sat, 10 Apr 2021 21:01:41 GMT
      Etag:
      - W/"701-aPwNvEo43+l3P5zZ35MUpGmMWTY"
      Server:
      - Cowboy
      Vary:
      - Host, X-Forwarded-Proto
      Via:
      - 1.1 vegur
      X-Powered-By:
      - Express
    status:
      code: 200
      message: OK
- request:
    body: null
    headers:
      Accept:
      - '*/*'
      Accept-Encoding:
      - gzip, deflate
      Connection:
      - keep-alive
      User-Agent:
      - python-requests/2.24.0
    method: GET
    uri: https://www.blaseball.com/database/team?id=979aee4a-6d80-4863-bf1c-ee1a78e06024
  response:
    body:
      string: '{"id":"979aee4a-6d80-4863-bf1c-ee1a78e06024","lineup":["9965eed5-086c-4977-9470-fe410f92d353","167751d5-210c-4a6e-9568-e92d61bab185","21cbbfaa-100e-48c5-9cea-7118b0d08a34","c675fcdf-6117-49a6-ac32-99a89a3a88aa","13a05157-6172-4431-947b-a058217b4aa5","4ecee7be-93e4-4f04-b114-6b333e0e6408","e4034192-4dc6-4901-bb30-07fe3cf77b5e","9ac2e7c5-5a34-4738-98d8-9f917bc6d119","7a75d626-d4fd-474f-a862-473138d8c376"],"rotation":["1ffb1153-909d-44c7-9df1-6ed3a9a45bbd","7b55d484-6ea9-4670-8145-986cb9e32412","973334aa-46d8-4415-912b-a5e267f7529b","3c331c87-1634-46c4-87ce-e4b9c59e2969","a5f8ce83-02b2-498c-9e48-533a1d81aebf"],"bullpen":["a2483925-697f-468f-931c-bcd0071394e5","527c1f6e-a7e4-4447-a824-703b662bae4e","62823073-84b8-46c2-8451-28fd10dff250","805ba480-df4d-4f56-a4cf-0b99959111b5","cd6b102e-1881-4079-9a37-455038bbf10e","3954bdfa-931f-4787-b9ac-f44b72fe09d7","ccc99f2f-2feb-4f32-a9b9-c289f619d84c","fbb5291c-2438-400e-ab32-30ce1259c600"],"bench":["03d06163-6f06-4817-abe5-0d14c3154236","960f041a-f795-4001-bd88-5ddcf58ee520","0bd5a3ec-e14c-45bf-8283-7bc191ae53e4","4cd0ac8f-6c2e-4bf1-a232-a5ac6fd4a677","fc1d65f5-8916-41f1-b878-4d42a965b011","979e5105-cbe9-4f95-ad13-ce30c07f1fd5"],"seasAttr":["PARTY_TIME"],"permAttr":["SINKING_SHIP"],"fullName":"Hawai''i
        Fridays","location":"Hawai''i","mainColor":"#3ee652","nickname":"Fridays","secondaryColor":"#3ee652","shorthand":"HF","emoji":"0x1F3DD","slogan":"It''s
        Island Time!","shameRuns":0,"totalShames":62,"totalShamings":59,"seasonShames":2,"seasonShamings":1,"championships":0,"weekAttr":[],"gameAttr":[],"rotationSlot":99,"teamSpirit":0,"card":1,"tournamentWins":0,"stadium":"e7431679-a45e-408f-92a8-a4db422c4925","eDensity":1847.6488896410156,"state":{},"evolution":0,"winStreak":1,"level":4}'
    headers:
      Connection:
      - keep-alive
      Content-Length:
      - '1742'
      Content-Type:
      - application/json; charset=utf-8
      Date:
      - Sat, 10 Apr 2021 21:01:41 GMT
      Etag:
      - W/"6ce-K9I/69fRwzXu4T+LU7NthZ2Bc5o"
      Server:
      - Cowboy
      Vary:
      - Host, X-Forwarded-Proto
      Via:
      - 1.1 vegur
      X-Powered-By:
      - Express
    status:
      code: 200
      message: OK
- request:
    body: null
    headers:
      Accept:
      - '*/*'
      Accept-Encoding:
      - gzip, deflate
      Connection:
      - keep-alive
      User-Agent:
      - python-requests/2.24.0
    method: GET
    uri: https://www.blaseball.com/database/team?id=9debc64f-74b7-4ae1-a4d6-fce0144b6ea5
  response:
    body:
      string: '{"id":"9debc64f-74b7-4ae1-a4d6-fce0144b6ea5","lineup":["d2d76815-cbdc-4c4b-9c9e-32ebf2297cc7","d8ee256f-e3d0-46cb-8c77-b1f88d8c9df9","9397ed91-608e-4b13-98ea-e94c795f651e","f56657d3-3bdc-4840-a20c-91aca9cc360e","8cf78b49-d0ca-4703-88e8-4bcad26c44b1","32551e28-3a40-47ae-aed1-ff5bc66be879","06ced607-7f96-41e7-a8cd-b501d11d1a7e","503a235f-9fa6-41b5-8514-9475c944273f","41ad8060-2bbe-4872-a879-22cb102bb64c","46721a07-7cd2-4839-982e-7046df6e8b66"],"rotation":["e111a46d-5ada-4311-ac4f-175cca3357da","b7267aba-6114-4d53-a519-bf6c99f4e3a9","7dca7137-b872-46f5-8e59-8c9c996e9d22","e972984c-2895-451c-b518-f06a0d8bd375","fcb08e4f-df3a-446c-ab50-58a496ac5f3f"],"bullpen":["ceb8f8cd-80b2-47f0-b43e-4d885fa48aa4","a8530be5-8923-4f74-9675-bf8a1a8f7878","57b4827b-26b0-4384-a431-9f63f715bc5b","446a3366-3fe3-41bb-bfdd-d8717f2152a9","97981e86-4a42-4f85-8783-9f29833c192b","b7c4f986-e62a-4a8f-b5f0-8f30ecc35c5d","b7c1ddda-945c-4b2e-8831-ad9f2ec4a608","24ad200d-a45f-4286-bfa5-48909f98a1f7","68462bfa-9006-4637-8830-2e7840d9089a","e8652db0-c67a-4c8a-9acc-2951cf400cd0"],"bench":["8ecea7e0-b1fb-4b74-8c8c-3271cb54f659","07ac91e9-0269-4e2c-a62d-a87ef61e3bbe","6bac62ad-7117-4e41-80f9-5a155a434856","c9339f5e-1040-4642-a4a7-07cd36d281f8","cc933b79-9218-4693-8172-f23d4eaccdf7","1dadee11-a11f-442a-9be3-cb0b10b86719"],"seasAttr":["PARTY_TIME"],"permAttr":[],"fullName":"Houston
        Spies","location":"Houston","mainColor":"#67556b","nickname":"Spies","secondaryColor":"#9e82a4","shorthand":"HOU","emoji":"0x1F575","slogan":"Bang
        BANG","shameRuns":0,"totalShames":61,"totalShamings":62,"seasonShames":3,"seasonShamings":4,"championships":0,"weekAttr":[],"gameAttr":[],"rotationSlot":99,"teamSpirit":0,"card":17,"tournamentWins":0,"stadium":"43fbdf41-336f-46a8-9445-eb8a6e05d811","eDensity":2003.6362696695494,"state":{},"evolution":0,"winStreak":-3,"level":4}'
    headers:
      Connection:
      - keep-alive
      Content-Length:
      - '1836'
      Content-Type:
      - application/json; charset=utf-8
      Date:
      - Sat, 10 Apr 2021 21:01:41 GMT
      Etag:
      - W/"72c-evWZi4u0FEk3+YX6eRN8PCpZid8"
      Server:
      - Cowboy
      Vary:
      - Host, X-Forwarded-Proto
      Via:
      - 1.1 vegur
      X-Powered-By:
      - Express
    status:
      code: 200
      message: OK
- request:
    body: null
    headers:
      Accept:
      - '*/*'
      Accept-Encoding:
      - gzip, deflate
      Connection:
      - keep-alive
      User-Agent:
      - python-requests/2.24.0
    method: GET
    uri: https://www.blaseball.com/database/team?id=105bc3ff-1320-4e37-8ef0-8d595cb95dd0
  response:
    body:
      string: '{"id":"105bc3ff-1320-4e37-8ef0-8d595cb95dd0","lineup":["542af915-79c5-431c-a271-f7185e37c6ae","86adac6f-c694-44ac-9560-758de7eac937","9f218ed1-d793-437d-a1b9-79f88f69154d","1301ee81-406e-43d9-b2bb-55ca6e0f7765","b88d313f-e546-407e-8bc6-94040499daa5","8b53ce82-4b1a-48f0-999d-1774b3719202","f3ddfd87-73a2-4681-96fe-829476c97886","c18961e9-ef3f-4954-bd6b-9fe01c615186","1c73f91e-0562-480d-9543-2aab1d5e5acd","d5c24c97-f3d3-4b3d-8c13-0debb61346c5"],"rotation":["1732e623-ffc2-40f0-87ba-fdcf97131f1f","e3c514ae-f813-470e-9c91-d5baf5ffcf16","a1628d97-16ca-4a75-b8df-569bae02bef9","68dd9d47-b9a8-4fd3-a89c-5c112eb1982e","f2468055-e880-40bf-8ac6-a0763d846eb2","4ed61b18-c1f6-4d71-aea3-caac01470b5c","7e9a514a-7850-4ed0-93ab-f3a6e2f41c03","f1cc4d7d-bef0-43dd-ba0a-17c7628aa775"],"bullpen":["6f9de777-e812-4c84-915c-ef283c9f0cde","ce58415f-4e62-47e2-a2c9-4d6a85961e1e","efa73de4-af17-4f88-99d6-d0d69ed1d200","f6b38e56-0d98-4e00-a96e-345aaac1e653","8a6fc67d-a7fe-443b-a084-744294cec647","f968532a-bf06-478e-89e0-3856b7f4b124","c6a277c3-d2b5-4363-839b-950896a5ec5e","dd0b48fe-2d49-4344-83ed-9f0770b370a8","d8742d68-8fce-4d52-9a49-f4e33bd2a6fc","019ce117-2399-4382-8036-8c14db7e1d30"],"bench":["81a0889a-4606-4f49-b419-866b57331383","25581c43-f8da-4657-9e96-e704df0a8878","04e14d7b-5021-4250-a3cd-932ba8e0a889","061b209a-9cda-44e8-88ce-6a4a37251970","2d95d41c-ff54-4fa1-89a0-76b84dd8fe2b","04651d05-44ef-40c1-abd3-4d0c14b6845d"],"seasAttr":["PARTY_TIME"],"permAttr":["FREE_WILL"],"fullName":"Seattle
        Garages","location":"Seattle","mainColor":"#2b4075","nickname":"Garages","secondaryColor":"#5a83ea","shorthand":"SEA","emoji":"0x1F3B8","slogan":"Park
        It!","shameRuns":0,"totalShames":68,"totalShamings":61,"seasonShames":2,"seasonShamings":1,"championships":0,"weekAttr":[],"gameAttr":[],"rotationSlot":99,"teamSpirit":0,"card":7,"tournamentWins":0,"stadium":"cb94ac8b-003b-4d95-baf3-7c14b1c3fc29","eDensity":4856.244230374376,"state":{},"evolution":0,"winStreak":-1,"level":9}'
    headers:
      Connection:
      - keep-alive
      Content-Length:
      - '1965'
      Content-Type:
      - application/json; charset=utf-8
      Date:
      - Sat, 10 Apr 2021 21:01:42 GMT
      Etag:
      - W/"7ad-eMWpiBJDw+SZebROE0+wSD4nl3I"
      Server:
      - Cowboy
      Vary:
      - Host, X-Forwarded-Proto
      Via:
      - 1.1 vegur
      X-Powered-By:
      - Express
    status:
      code: 200
      message: OK
- request:
    body: null
    headers:
      Accept:
      - '*/*'
      Accept-Encoding:
      - gzip, deflate
      Connection:
      - keep-alive
      User-Agent:
      - python-requests/2.24.0
    method: GET
    uri: https://www.blaseball.com/database/team?id=7966eb04-efcc-499b-8f03-d13916330531
  response:
    body:
      string: '{"id":"7966eb04-efcc-499b-8f03-d13916330531","lineup":["44c92d97-bb39-469d-a13b-f2dd9ae644d1","ac69dba3-6225-4afd-ab4b-23fc78f730fb","2ffbaec8-a646-4435-a17a-3a0a2b5f3e16","9a031b9a-16f8-4165-a468-5d0e28a81151","aa6c2662-75f8-4506-aa06-9a0993313216","63512571-2eca-4bc4-8ad9-a5308a22ae22"],"rotation":["89ec77d8-c186-4027-bd45-f407b4800c2c","8adb084b-19fe-4295-bcd2-f92afdb62bd7","b6aa8ce8-2587-4627-83c1-2a48d44afaee","09f2787a-3352-41a6-8810-d80e97b253b5","24f6829e-7bb4-4e1e-8b59-a07514657e72"],"bullpen":["17392be2-7344-48a0-b4db-8a040a7fb532","450e6483-d116-41d8-933b-1b541d5f0026","1af239ae-7e12-42be-9120-feff90453c85","94f30f21-f889-4a2e-9b94-818475bb1ca0","1ded0384-d290-4ea1-a72b-4f9d220cbe37","82733eb4-103d-4be1-843e-6eb6df35ecd7","db53211c-f841-4f33-accf-0c3e167889a0","b77dffaa-e0f5-408f-b9f2-1894ed26e744","3205f4ff-7050-470b-8970-8d7ea56564bc"],"bench":["945974c5-17d9-43e7-92f6-ba49064bbc59","c6146c45-3d9b-4749-9f03-d4faae61e2c3","ac57cf28-556f-47af-9154-6bcea2ace9fc","7b779947-46ef-4b77-be37-962d60875647"],"seasAttr":["PARTY_TIME"],"permAttr":["O_NO"],"fullName":"Yellowstone
        Magic","location":"Yellowstone","mainColor":"#bf0043","nickname":"Magic","secondaryColor":"#f60f63","shorthand":"YELL","emoji":"0x2728","slogan":"As
        Above, So Below","shameRuns":0,"totalShames":68,"totalShamings":67,"seasonShames":3,"seasonShamings":9,"championships":0,"weekAttr":[],"gameAttr":[],"rotationSlot":99,"teamSpirit":0,"card":0,"tournamentWins":0,"stadium":"2a1a52b3-9759-44aa-ba49-b1437396d895","eDensity":2160.7491824604804,"state":{},"evolution":0,"winStreak":1,"level":5}'
    headers:
      Connection:
      - keep-alive
      Content-Length:
      - '1584'
      Content-Type:
      - application/json; charset=utf-8
      Date:
      - Sat, 10 Apr 2021 21:01:42 GMT
      Etag:
      - W/"630-EnvA5e8LEQZ1nAqELZHmGdUiN2g"
      Server:
      - Cowboy
      Vary:
      - Host, X-Forwarded-Proto
      Via:
      - 1.1 vegur
      X-Powered-By:
      - Express
    status:
      code: 200
      message: OK
- request:
    body: null
    headers:
      Accept:
      - '*/*'
      Accept-Encoding:
      - gzip, deflate
      Connection:
      - keep-alive
      User-Agent:
      - python-requests/2.24.0
    method: GET
    uri: https://www.blaseball.com/database/team?id=b63be8c2-576a-4d6e-8daf-814f8bcea96f
  response:
    body:
      string: "{\"id\":\"b63be8c2-576a-4d6e-8daf-814f8bcea96f\",\"lineup\":[\"0cc5bd39-e90d-42f9-9dd8-7e703f316436\",\"9d6f3d23-bc26-40e6-93aa-0b1c693e0ba8\",\"0eddd056-9d72-4804-bd60-53144b785d5c\",\"c0998a08-de15-4187-b903-2e096ffa08e5\",\"5a26fc61-d75d-4c01-9ce2-1880ffb5550f\",\"006e1d32-9742-48ef-a6ba-36545e93b9e3\",\"c22e3af5-9001-465f-b450-864d7db2b4a0\",\"12577256-bc4e-4955-81d6-b422d895fb12\",\"8903a74f-f322-41d2-bd75-dbf7563c4abb\"],\"rotation\":[\"a38ada0a-aeac-4a3d-b9a5-968687ccd2f9\",\"af6b3edc-ed52-4edc-b0c9-14e0a5ae0ee3\",\"20be1c34-071d-40c6-8824-dde2af184b4d\",\"889c9ef9-d521-4436-b41c-9021b81b4dfb\"],\"bullpen\":[\"b019fb2b-9f4b-4deb-bf78-6bee2f16d98d\",\"c4418663-7aa4-4c9f-ae73-0e81e442e8a2\",\"4aa843a4-baa1-4f35-8748-63aa82bd0e03\",\"97ec5a2f-ac1a-4cde-86b7-897c030a1fa8\",\"d5192d95-a547-498a-b4ea-6770dde4b9f5\",\"b7adbbcc-0679-43f3-a939-07f009a393db\",\"7fed72df-87de-407d-8253-2295a2b60d3b\",\"21d52455-6c2c-4ee4-8673-ab46b4b926b4\",\"2b9d6b50-3ce2-4cb1-8cd1-2a0fc05733e3\"],\"bench\":[\"66cebbbf-9933-4329-924a-72bd3718f321\",\"1aec2c01-b766-4018-a271-419e5371bc8f\",\"0daf04fc-8d0d-4513-8e98-4f610616453b\"],\"seasAttr\":[\"PARTY_TIME\"],\"permAttr\":[\"LIFE_OF_PARTY\",\"ELECTRIC\"],\"fullName\":\"Miami
        Dale\",\"location\":\"Miami\",\"mainColor\":\"#9141ba\",\"nickname\":\"Dale\",\"secondaryColor\":\"#cd76fa\",\"shorthand\":\"MIA\",\"emoji\":\"0x1F6A4\",\"slogan\":\"\xA1Dale!\",\"shameRuns\":0,\"totalShames\":77,\"totalShamings\":49,\"seasonShames\":7,\"seasonShamings\":6,\"championships\":0,\"weekAttr\":[],\"gameAttr\":[],\"rotationSlot\":103,\"teamSpirit\":0,\"card\":16,\"tournamentWins\":0,\"stadium\":\"a0851e18-d5d7-4749-b3c5-c6023fe1cc61\",\"eDensity\":1779.8929468900933,\"state\":{},\"evolution\":0,\"winStreak\":-1,\"level\":4}"
    headers:
      Connection:
      - keep-alive
      Content-Length:
      - '1621'
      Content-Type:
      - application/json; charset=utf-8
      Date:
      - Sat, 10 Apr 2021 21:01:42 GMT
      Etag:
      - W/"655-CgSXetck8A2IHL6uRHQER8e+jmM"
      Server:
      - Cowboy
      Vary:
      - Host, X-Forwarded-Proto
      Via:
      - 1.1 vegur
      X-Powered-By:
      - Express
    status:
      code: 200
      message: OK
- request:
    body: null
    headers:
      Accept:
      - '*/*'
      Accept-Encoding:
      - gzip, deflate
      Connection:
      - keep-alive
      User-Agent:
      - python-requests/2.24.0
    method: GET
    uri: https://www.blaseball.com/database/team?id=b72f3061-f573-40d7-832a-5ad475bd7909
  response:
    body:
      string: '{"id":"b72f3061-f573-40d7-832a-5ad475bd7909","lineup":["0268b35f-b19b-4b2f-90c4-89fb36403686","ee55248b-318a-4bfb-8894-1cc70e4e0720","c9e4a49e-e35a-4034-a4c7-293896b40c58","58c9e294-bd49-457c-883f-fb3162fc668e","2b157c5c-9a6a-45a6-858f-bf4cf4cbc0bd","db33a54c-3934-478f-bad4-fc313ac2580e","7c5ae357-e079-4427-a90f-97d164c7262e","0eea4a48-c84b-4538-97e7-3303671934d2","11de4da3-8208-43ff-a1ff-0b3480a0fbf1"],"rotation":["1f159bab-923a-4811-b6fa-02bfde50925a","f2c477fb-28ea-4fcb-943a-9fab22df3da0","c3ae0552-59e8-44bf-ba66-48a96aff35e6","73265ee3-bb35-40d1-b696-1f241a6f5966","d97835fd-2e92-4698-8900-1f5abea0a3b6","7158d158-e7bf-4e9b-9259-62e5b25e3de8"],"bullpen":["1e8b09bd-fbdd-444e-bd7e-10326bd57156","b390b28c-df96-443e-b81f-f0104bd37860","0f62c20c-72d0-4c12-a9d7-312ea3d3bcd1","23e78d92-ee2d-498a-a99c-f40bc4c5fe99","f1185b20-7b4a-4ccc-a977-dc1afdfd4cb9","9313e41c-3bf7-436d-8bdc-013d3a1ecdeb","3be2c730-b351-43f7-a832-a5294fe8468f","e749dc27-ca3b-456e-889c-d2ec02ac7f5f","bd24e18b-800d-4f15-878d-e334fb4803c4"],"bench":["26f01324-9d1c-470b-8eaa-1b9bfbcd8b65","9f6d06d6-c616-4599-996b-ec4eefcff8b8","0e27df51-ad0c-4546-acf5-96b3cb4d7501","8997123f-b24d-4326-80c8-3c862f80f623","331d9910-0991-40c8-9345-a7cddb7465c6"],"seasAttr":["PARTY_TIME"],"permAttr":["LOVE","FREE_WILL"],"fullName":"San
        Francisco Lovers","location":"San Francisco","mainColor":"#780018","nickname":"Lovers","secondaryColor":"#da0000","shorthand":"SFL","emoji":"0x1F48B","slogan":"Let''s
        Go All The Way!","shameRuns":0,"totalShames":74,"totalShamings":64,"seasonShames":1,"seasonShamings":3,"championships":0,"weekAttr":[],"gameAttr":[],"rotationSlot":99,"teamSpirit":0,"card":19,"tournamentWins":0,"stadium":"1c1614b3-abdb-4008-98eb-12aeb8f7bb54","eDensity":1661.6334721808307,"state":{},"evolution":0,"winStreak":-1,"level":4}'
    headers:
      Connection:
      - keep-alive
      Content-Length:
      - '1802'
      Content-Type:
      - application/json; charset=utf-8
      Date:
      - Sat, 10 Apr 2021 21:01:42 GMT
      Etag:
      - W/"70a-WMGLcyxCIyoIeGXcWZQkMfBB9jk"
      Server:
      - Cowboy
      Vary:
      - Host, X-Forwarded-Proto
      Via:
      - 1.1 vegur
      X-Powered-By:
      - Express
    status:
      code: 200
      message: OK
- request:
    body: null
    headers:
      Accept:
      - '*/*'
      Accept-Encoding:
      - gzip, deflate
      Connection:
      - keep-alive
      User-Agent:
      - python-requests/2.24.0
    method: GET
    uri: https://www.blaseball.com/database/team?id=bfd38797-8404-4b38-8b82-341da28b1f83
  response:
    body:
      string: '{"id":"bfd38797-8404-4b38-8b82-341da28b1f83","lineup":["b1b141fc-e867-40d1-842a-cea30a97ca4f","4ca52626-58cd-449d-88bb-f6d631588640","020ed630-8bae-4441-95cc-0e4ecc27253b","d47dd08e-833c-4302-a965-a391d345455c","30218684-7fa1-41a5-a3b3-5d9cd97dd36b","fa477c92-39b6-4a52-b065-40af2f29840a","b8ab86c6-9054-4832-9b96-508dbd4eb624","eaaef47e-82cc-4c90-b77d-75c3fb279e83","cc11963b-a05b-477b-b154-911dc31960df"],"rotation":["f0594932-8ef7-4d70-9894-df4be64875d8","34267632-8c32-4a8b-b5e6-ce1568bb0639","f7847de2-df43-4236-8dbe-ae403f5f3ab3","03f920cc-411f-44ef-ae66-98a44e883291","5e4dfa16-f1b9-400f-b8ef-a1613c2b026a","60026a9d-fc9a-4f5a-94fd-2225398fa3da"],"bullpen":["99e7de75-d2b8-4330-b897-a7334708aff9","50154d56-c58a-461f-976d-b06a4ae467f9","5b3f0a43-45e7-44e7-9496-512c24c040f0","93502db3-85fa-4393-acae-2a5ff3980dde","5b5bcc6c-d011-490f-b084-6fdc2c52f958","2d22f026-2873-410b-a45f-3b1dac665ffd","d002946f-e7ed-4ce4-a405-63bdaf5eabb5"],"bench":["d6e9a211-7b33-45d9-8f09-6d1a1a7a3c78","3531c282-cb48-43df-b549-c5276296aaa7","b056a825-b629-4856-856b-53a15ad34acb","94844fad-9519-4c14-8ab3-d38606a7bb44","fe3e8ba5-6687-400d-9828-2b70d63ea8be","3e0f7f48-675b-4f72-bb40-8a8c676f0054"],"seasAttr":["PARTY_TIME"],"permAttr":["TRAVELING"],"fullName":"Charleston
        Shoe Thieves","location":"Charleston","mainColor":"#ffce0a","nickname":"Shoe
        Thieves","secondaryColor":"#ffce0a","shorthand":"CHST","emoji":"0x1F45F","slogan":"Your
        Kicks are Our Kicks","shameRuns":0,"totalShames":76,"totalShamings":53,"seasonShames":3,"seasonShamings":3,"championships":1,"weekAttr":[],"gameAttr":[],"rotationSlot":99,"teamSpirit":0,"card":9,"tournamentWins":0,"stadium":"36ae955c-6264-4437-8669-3053f62992e5","eDensity":1945.0826536231182,"state":{},"evolution":0,"winStreak":3,"level":4}'
    headers:
      Connection:
      - keep-alive
      Content-Length:
      - '1764'
      Content-Type:
      - application/json; charset=utf-8
      Date:
      - Sat, 10 Apr 2021 21:01:42 GMT
      Etag:
      - W/"6e4-NUMTIvXprnJNjDcqNsKcWpdDCS0"
      Server:
      - Cowboy
      Vary:
      - Host, X-Forwarded-Proto
      Via:
      - 1.1 vegur
      X-Powered-By:
      - Express
    status:
      code: 200
      message: OK
- request:
    body: null
    headers:
      Accept:
      - '*/*'
      Accept-Encoding:
      - gzip, deflate
      Connection:
      - keep-alive
      User-Agent:
      - python-requests/2.24.0
    method: GET
    uri: https://www.blaseball.com/database/team?id=ca3f1c8c-c025-4d8e-8eef-5be6accbeb16
  response:
    body:
      string: '{"id":"ca3f1c8c-c025-4d8e-8eef-5be6accbeb16","lineup":["ab36c776-b520-429b-a85f-bf633d7b081a","c182f33c-aea5-48a2-97ed-dc74fa29b3c0","ad8d15f4-e041-4a12-a10e-901e6285fdc5","20e13b56-599b-4a22-b752-8059effc81dc","20c529b3-947e-4a77-b56f-69fe25fb3717","43d5da5f-c6a1-42f1-ab7f-50ea956b6cd5","68f98a04-204f-4675-92a7-8823f2277075","5831a238-8efe-4d53-a483-1ad681e50ac3","5ff66eae-7111-4e3b-a9b8-a9579165b0a5","2268f452-01b9-4e16-98bb-c07e3ce767e3"],"rotation":["316abea7-9890-4fb8-aaea-86b35e24d9be","e4e4c17d-8128-4704-9e04-f244d4573c4d","1513aab6-142c-48c6-b43e-fbda65fd64e8","94baa9ac-ff96-4f56-a987-10358e917d91","f4a5d734-0ade-4410-abb6-c0cd5a7a1c26"],"bullpen":["f071889c-f10f-4d2f-a1dd-c5dda34b3e2b","ce0a156b-ba7b-4313-8fea-75807b4bc77f","3c051b92-4a86-4157-988a-e334bf6dc691","c8de53a4-d90f-4192-955b-cec1732d920e","54e5f222-fb16-47e0-adf9-21813218dafa","88ca603e-b2e5-4916-bef5-d6bba03235f5","520e6066-b14b-45cf-985c-0a6ee2dc3f7a","5f3b5dc2-351a-4dee-a9d6-fa5f44f2a365","ee29020f-1964-4fce-80f4-35a5e7edfb95"],"bench":["a7edbf19-caf6-45dd-83d5-46496c99aa88","7e4f012e-828c-43bb-8b8a-6c33bdfd7e3f","64aaa3cb-7daf-47e3-89a8-e565a3715b5d","bfd9ff52-9bf6-4aaf-a859-d308d8f29616","97387580-1f7c-49ea-a9e7-44be89329130"],"seasAttr":["PARTY_TIME"],"permAttr":[],"fullName":"Chicago
        Firefighters","location":"Chicago","mainColor":"#8c2a3e","nickname":"Firefighters","secondaryColor":"#d13757","shorthand":"CHIF","emoji":"0x1F525","slogan":"We
        Are From Chicago","shameRuns":0,"totalShames":63,"totalShamings":64,"seasonShames":8,"seasonShamings":4,"championships":1,"weekAttr":[],"gameAttr":[],"rotationSlot":99,"teamSpirit":0,"card":13,"tournamentWins":0,"stadium":"06c991f6-4ef3-4a9a-8254-8a2bc7d3a1e1","eDensity":1969.483383670296,"state":{},"evolution":0,"winStreak":1,"level":4}'
    headers:
      Connection:
      - keep-alive
      Content-Length:
      - '1781'
      Content-Type:
      - application/json; charset=utf-8
      Date:
      - Sat, 10 Apr 2021 21:01:42 GMT
      Etag:
      - W/"6f5-qOwOe/r+tLdIpdjS4eEu7xoUM9A"
      Server:
      - Cowboy
      Vary:
      - Host, X-Forwarded-Proto
      Via:
      - 1.1 vegur
      X-Powered-By:
      - Express
    status:
      code: 200
      message: OK
- request:
    body: null
    headers:
      Accept:
      - '*/*'
      Accept-Encoding:
      - gzip, deflate
      Connection:
      - keep-alive
      User-Agent:
      - python-requests/2.24.0
    method: GET
    uri: https://www.blaseball.com/database/team?id=878c1bf6-0d21-4659-bfee-916c8314d69c
  response:
    body:
      string: "{\"id\":\"878c1bf6-0d21-4659-bfee-916c8314d69c\",\"lineup\":[\"03b80a57-77ea-4913-9be4-7a85c3594745\",\"63df8701-1871-4987-87d7-b55d4f1df2e9\",\"6c346d8b-d186-4228-9adb-ae919d7131dd\",\"bf6a24d1-4e89-4790-a4ba-eeb2870cbf6f\",\"27c68d7f-5e40-4afa-8b6f-9df47b79e7dd\",\"c755efce-d04d-4e00-b5c1-d801070d3808\",\"abbd5ec5-a15b-421c-b0c5-cd80d8907373\"],\"rotation\":[\"2e13249e-38ff-46a2-a55e-d15fa692468a\",\"d81ce662-07b6-4a73-baa4-acbbb41f9dc5\",\"691f9ab2-9dd4-42e8-bf95-9fd01253c801\"],\"bullpen\":[\"0ecf6190-f869-421a-b339-29195d30d37c\",\"9820f2c5-f9da-4a07-b610-c2dd7bee2ef6\",\"0bb35615-63f2-4492-80ec-b6b322dc5450\",\"d8758c1b-afbb-43a5-b00b-6004d419e2c5\",\"9786b2c9-1205-4718-b0f7-fc000ce91106\",\"dfe3bc1b-fca8-47eb-965f-6cf947c35447\",\"3db02423-92af-485f-b30f-78256721dcc6\",\"6192daab-3318-44b5-953f-14d68cdb2722\",\"3f1ac16f-03c4-4a0f-8daf-6e54bbe12c30\",\"a5e4e86f-d3a8-424a-9768-2ada17a4e741\"],\"bench\":[\"0d5300f6-0966-430f-903f-a4c2338abf00\",\"5149c919-48fe-45c6-b7ee-bb8e5828a095\",\"63a31035-2e6d-4922-a3f9-fa6e659b54ad\",\"937c1a37-4b05-4dc5-a86d-d75226f8490a\",\"cc725a58-38cc-42af-9ff8-ace76541ac26\",\"0cb44026-ebf0-4870-b98e-e620b0814808\",\"0a6b75ea-fe69-4406-be24-a149c94daa3b\"],\"seasAttr\":[\"PARTY_TIME\"],\"permAttr\":[\"SUN_KISSED\",\"SUN2_PAYOUTS\"],\"fullName\":\"LA
        Unlimited Tacos\",\"location\":\"LA Unlimited\",\"mainColor\":\"#64376e\",\"nickname\":\"Tacos\",\"secondaryColor\":\"#b063c1\",\"shorthand\":\"LATA\",\"emoji\":\"0x1F32E\",\"slogan\":\"72\xB0
        and Infinite\",\"shameRuns\":3,\"totalShames\":91,\"totalShamings\":51,\"seasonShames\":5,\"seasonShamings\":4,\"championships\":0,\"weekAttr\":[],\"gameAttr\":[],\"rotationSlot\":101,\"teamSpirit\":0,\"card\":6,\"tournamentWins\":0,\"stadium\":\"36b94380-39a6-4e32-b525-3e888215798a\",\"eDensity\":1815.7837289413017,\"state\":{},\"evolution\":0,\"winStreak\":-2,\"level\":4}"
    headers:
      Connection:
      - keep-alive
      Content-Length:
      - '1726'
      Content-Type:
      - application/json; charset=utf-8
      Date:
      - Sat, 10 Apr 2021 21:01:42 GMT
      Etag:
      - W/"6be-Bs1RDFqMRYk39IX/Fy4b58D3M88"
      Server:
      - Cowboy
      Vary:
      - Host, X-Forwarded-Proto
      Via:
      - 1.1 vegur
      X-Powered-By:
      - Express
    status:
      code: 200
      message: OK
- request:
    body: null
    headers:
      Accept:
      - '*/*'
      Accept-Encoding:
      - gzip, deflate
      Connection:
      - keep-alive
      User-Agent:
      - python-requests/2.24.0
    method: GET
    uri: https://www.blaseball.com/database/team?id=3f8bbb15-61c0-4e3f-8e4a-907a5fb1565e
  response:
    body:
      string: '{"id":"3f8bbb15-61c0-4e3f-8e4a-907a5fb1565e","lineup":["28964497-0efe-420c-9c1d-8574f224a4e9","718dea1a-d9a8-4c2b-933a-f0667b5250e6","855775c1-266f-40f6-b07b-3a67ccdf8551","c09e64b6-8248-407e-b3af-1931b880dbee","51c5473a-7545-4a9a-920d-d9b718d0e8d1","8acc97fa-4bf1-49f6-bb93-fb52513a015b","d51f1fe8-4ab8-411e-b836-5bba92984d32","8cd06abf-be10-4a35-a3ab-1a408a329147","75f9d874-5e69-438d-900d-a3fcb1d429b3","4ffd2e50-bb5b-45d0-b7c4-e24d41b2ff5d","be18d363-752d-4e4a-b06b-1a7e4641400b"],"rotation":["ff5a37d9-a6dd-49aa-b6fb-b935fd670820","7dcf6902-632f-48c5-936a-7cf88802b93a","defbc540-a36d-460b-afd8-07da2375ee63","2da49de2-34e5-49d0-b752-af2a2ee061be","a647388d-fc59-4c1b-90d3-8c1826e07775"],"bullpen":["51985516-5033-4ab8-a185-7bda07829bdb","98f26a25-905f-4850-8960-b741b0c583a4","4b73367f-b2bb-4df6-b2eb-2a0dd373eead","a938f586-f5c1-4a35-9e7f-8eaab6de67a6","c771abab-f468-46e9-bac5-43db4c5b410f","a98917bc-e9df-4b0e-bbde-caa6168aa3d7","2cadc28c-88a5-4e25-a6eb-cdab60dd446d","e3e1d190-2b94-40c0-8e88-baa3fd198d0f"],"bench":["dfd5ccbb-90ed-4bfe-83e0-dae9cc763f10","d9a072f5-1cbb-45ce-87fb-b138e4d8f769","de67b585-9bf4-4e49-b410-101483ca2fbc","81b25b16-3370-4eb0-9d1b-6d630194c680","710541f4-bb89-4134-8973-958c82b29a41","3e008f60-6842-42e7-b125-b88c7e5c1a95","6caa8180-e178-4f8b-865c-f1af47119bc2"],"seasAttr":["PARTY_TIME"],"permAttr":["GROWTH"],"fullName":"Boston
        Flowers","location":"Boston","mainColor":"#f7d1ff","nickname":"Flowers","secondaryColor":"#f7d1ff","shorthand":"BOF","emoji":"0x1F339","slogan":"Let''s
        Grow!","shameRuns":0,"totalShames":59,"totalShamings":62,"seasonShames":5,"seasonShamings":6,"championships":0,"weekAttr":[],"gameAttr":[],"rotationSlot":99,"teamSpirit":0,"card":2,"tournamentWins":0,"stadium":"d37abba6-9fba-463a-8f4f-7cf49de3c7b6","eDensity":1946.3942470673053,"state":{},"evolution":0,"winStreak":-1,"level":4}'
    headers:
      Connection:
      - keep-alive
      Content-Length:
      - '1847'
      Content-Type:
      - application/json; charset=utf-8
      Date:
      - Sat, 10 Apr 2021 21:01:42 GMT
      Etag:
      - W/"737-dN5vTM/wXAGlr6L/scppECowr/8"
      Server:
      - Cowboy
      Vary:
      - Host, X-Forwarded-Proto
      Via:
      - 1.1 vegur
      X-Powered-By:
      - Express
    status:
      code: 200
      message: OK
version: 1
