interactions:
- request:
    body: null
    headers:
      Accept:
      - '*/*'
      Accept-Encoding:
      - gzip, deflate
      Connection:
      - keep-alive
      User-Agent:
      - python-requests/2.24.0
    method: GET
    uri: https://www.blaseball.com/database/division?id=f711d960-dc28-4ae2-9249-e1f320fec7d7
  response:
    body:
      string: '{"id":"f711d960-dc28-4ae2-9249-e1f320fec7d7","teams":["b72f3061-f573-40d7-832a-5ad475bd7909","878c1bf6-0d21-4659-bfee-916c8314d69c","b024e975-1c4a-4575-8936-a3754a08806a","adc5b394-8f76-416d-9ce9-813706877b84","ca3f1c8c-c025-4d8e-8eef-5be6accbeb16"],"name":"Lawful
        Good"}'
    headers:
      Connection:
      - keep-alive
      Content-Length:
      - '271'
      Content-Type:
      - application/json; charset=utf-8
      Date:
      - Fri, 09 Apr 2021 23:52:27 GMT
      Etag:
      - W/"10f-x228bxPUmqChoIR7o1UwSqdiPEM"
      Server:
      - Cowboy
      Vary:
      - Host, X-Forwarded-Proto
      Via:
      - 1.1 vegur
      X-Powered-By:
      - Express
    status:
      code: 200
      message: OK
- request:
    body: null
    headers:
      Accept:
      - '*/*'
      Accept-Encoding:
      - gzip, deflate
      Connection:
      - keep-alive
      User-Agent:
      - python-requests/2.24.0
    method: GET
    uri: https://www.blaseball.com/database/division?id=5eb2271a-3e49-48dc-b002-9cb615288836
  response:
    body:
      string: '{"id":"5eb2271a-3e49-48dc-b002-9cb615288836","teams":["bfd38797-8404-4b38-8b82-341da28b1f83","3f8bbb15-61c0-4e3f-8e4a-907a5fb1565e","979aee4a-6d80-4863-bf1c-ee1a78e06024","7966eb04-efcc-499b-8f03-d13916330531","36569151-a2fb-43c1-9df7-2df512424c82"],"name":"Chaotic
        Good"}'
    headers:
      Connection:
      - keep-alive
      Content-Length:
      - '272'
      Content-Type:
      - application/json; charset=utf-8
      Date:
      - Fri, 09 Apr 2021 23:52:27 GMT
      Etag:
      - W/"110-OGxYBmHhcb0Ehl0oFA/mWl7vg/s"
      Server:
      - Cowboy
      Vary:
      - Host, X-Forwarded-Proto
      Via:
      - 1.1 vegur
      X-Powered-By:
      - Express
    status:
      code: 200
      message: OK
- request:
    body: null
    headers:
      Accept:
      - '*/*'
      Accept-Encoding:
      - gzip, deflate
      Connection:
      - keep-alive
      User-Agent:
      - python-requests/2.24.0
    method: GET
    uri: https://www.blaseball.com/database/team?id=b72f3061-f573-40d7-832a-5ad475bd7909
  response:
    body:
      string: '{"id":"b72f3061-f573-40d7-832a-5ad475bd7909","lineup":["0268b35f-b19b-4b2f-90c4-89fb36403686","ee55248b-318a-4bfb-8894-1cc70e4e0720","c9e4a49e-e35a-4034-a4c7-293896b40c58","58c9e294-bd49-457c-883f-fb3162fc668e","2b157c5c-9a6a-45a6-858f-bf4cf4cbc0bd","db33a54c-3934-478f-bad4-fc313ac2580e","7c5ae357-e079-4427-a90f-97d164c7262e","0eea4a48-c84b-4538-97e7-3303671934d2","11de4da3-8208-43ff-a1ff-0b3480a0fbf1"],"rotation":["1f159bab-923a-4811-b6fa-02bfde50925a","f2c477fb-28ea-4fcb-943a-9fab22df3da0","c3ae0552-59e8-44bf-ba66-48a96aff35e6","73265ee3-bb35-40d1-b696-1f241a6f5966","d97835fd-2e92-4698-8900-1f5abea0a3b6","7158d158-e7bf-4e9b-9259-62e5b25e3de8"],"bullpen":["1e8b09bd-fbdd-444e-bd7e-10326bd57156","b390b28c-df96-443e-b81f-f0104bd37860","0f62c20c-72d0-4c12-a9d7-312ea3d3bcd1","23e78d92-ee2d-498a-a99c-f40bc4c5fe99","f1185b20-7b4a-4ccc-a977-dc1afdfd4cb9","9313e41c-3bf7-436d-8bdc-013d3a1ecdeb","3be2c730-b351-43f7-a832-a5294fe8468f","e749dc27-ca3b-456e-889c-d2ec02ac7f5f","bd24e18b-800d-4f15-878d-e334fb4803c4"],"bench":["26f01324-9d1c-470b-8eaa-1b9bfbcd8b65","9f6d06d6-c616-4599-996b-ec4eefcff8b8","0e27df51-ad0c-4546-acf5-96b3cb4d7501","8997123f-b24d-4326-80c8-3c862f80f623","331d9910-0991-40c8-9345-a7cddb7465c6"],"seasAttr":["PARTY_TIME"],"permAttr":["LOVE","FREE_WILL"],"fullName":"San
        Francisco Lovers","location":"San Francisco","mainColor":"#780018","nickname":"Lovers","secondaryColor":"#da0000","shorthand":"SFL","emoji":"0x1F48B","slogan":"Let''s
        Go All The Way!","shameRuns":0,"totalShames":74,"totalShamings":64,"seasonShames":1,"seasonShamings":3,"championships":0,"weekAttr":[],"gameAttr":[],"rotationSlot":99,"teamSpirit":0,"card":19,"tournamentWins":0,"stadium":"1c1614b3-abdb-4008-98eb-12aeb8f7bb54","eDensity":1661.6334721808307,"state":{},"evolution":0,"winStreak":-1,"level":4}'
    headers:
      Connection:
      - keep-alive
      Content-Length:
      - '1802'
      Content-Type:
      - application/json; charset=utf-8
      Date:
      - Fri, 09 Apr 2021 23:52:27 GMT
      Etag:
      - W/"70a-WMGLcyxCIyoIeGXcWZQkMfBB9jk"
      Server:
      - Cowboy
      Vary:
      - Host, X-Forwarded-Proto
      Via:
      - 1.1 vegur
      X-Powered-By:
      - Express
    status:
      code: 200
      message: OK
- request:
    body: null
    headers:
      Accept:
      - '*/*'
      Accept-Encoding:
      - gzip, deflate
      Connection:
      - keep-alive
      User-Agent:
      - python-requests/2.24.0
    method: GET
    uri: https://www.blaseball.com/database/team?id=878c1bf6-0d21-4659-bfee-916c8314d69c
  response:
    body:
      string: "{\"id\":\"878c1bf6-0d21-4659-bfee-916c8314d69c\",\"lineup\":[\"03b80a57-77ea-4913-9be4-7a85c3594745\",\"63df8701-1871-4987-87d7-b55d4f1df2e9\",\"6c346d8b-d186-4228-9adb-ae919d7131dd\",\"bf6a24d1-4e89-4790-a4ba-eeb2870cbf6f\",\"27c68d7f-5e40-4afa-8b6f-9df47b79e7dd\",\"c755efce-d04d-4e00-b5c1-d801070d3808\",\"abbd5ec5-a15b-421c-b0c5-cd80d8907373\"],\"rotation\":[\"2e13249e-38ff-46a2-a55e-d15fa692468a\",\"d81ce662-07b6-4a73-baa4-acbbb41f9dc5\",\"691f9ab2-9dd4-42e8-bf95-9fd01253c801\"],\"bullpen\":[\"0ecf6190-f869-421a-b339-29195d30d37c\",\"9820f2c5-f9da-4a07-b610-c2dd7bee2ef6\",\"0bb35615-63f2-4492-80ec-b6b322dc5450\",\"d8758c1b-afbb-43a5-b00b-6004d419e2c5\",\"9786b2c9-1205-4718-b0f7-fc000ce91106\",\"dfe3bc1b-fca8-47eb-965f-6cf947c35447\",\"3db02423-92af-485f-b30f-78256721dcc6\",\"6192daab-3318-44b5-953f-14d68cdb2722\",\"3f1ac16f-03c4-4a0f-8daf-6e54bbe12c30\",\"a5e4e86f-d3a8-424a-9768-2ada17a4e741\"],\"bench\":[\"0d5300f6-0966-430f-903f-a4c2338abf00\",\"5149c919-48fe-45c6-b7ee-bb8e5828a095\",\"63a31035-2e6d-4922-a3f9-fa6e659b54ad\",\"937c1a37-4b05-4dc5-a86d-d75226f8490a\",\"cc725a58-38cc-42af-9ff8-ace76541ac26\",\"0cb44026-ebf0-4870-b98e-e620b0814808\",\"0a6b75ea-fe69-4406-be24-a149c94daa3b\"],\"seasAttr\":[\"PARTY_TIME\"],\"permAttr\":[\"SUN_KISSED\",\"SUN2_PAYOUTS\"],\"fullName\":\"LA
        Unlimited Tacos\",\"location\":\"LA Unlimited\",\"mainColor\":\"#64376e\",\"nickname\":\"Tacos\",\"secondaryColor\":\"#b063c1\",\"shorthand\":\"LATA\",\"emoji\":\"0x1F32E\",\"slogan\":\"72\xB0
        and Infinite\",\"shameRuns\":3,\"totalShames\":91,\"totalShamings\":51,\"seasonShames\":5,\"seasonShamings\":4,\"championships\":0,\"weekAttr\":[],\"gameAttr\":[],\"rotationSlot\":101,\"teamSpirit\":0,\"card\":6,\"tournamentWins\":0,\"stadium\":\"36b94380-39a6-4e32-b525-3e888215798a\",\"eDensity\":1820.7837289413017,\"state\":{},\"evolution\":0,\"winStreak\":-2,\"level\":5}"
    headers:
      Connection:
      - keep-alive
      Content-Length:
      - '1726'
      Content-Type:
      - application/json; charset=utf-8
      Date:
      - Fri, 09 Apr 2021 23:52:27 GMT
      Etag:
      - W/"6be-kwBqrtOgDUvf/kWcwJ6wv58qA0M"
      Server:
      - Cowboy
      Vary:
      - Host, X-Forwarded-Proto
      Via:
      - 1.1 vegur
      X-Powered-By:
      - Express
    status:
      code: 200
      message: OK
- request:
    body: null
    headers:
      Accept:
      - '*/*'
      Accept-Encoding:
      - gzip, deflate
      Connection:
      - keep-alive
      User-Agent:
      - python-requests/2.24.0
    method: GET
    uri: https://www.blaseball.com/database/team?id=b024e975-1c4a-4575-8936-a3754a08806a
  response:
    body:
      string: '{"id":"b024e975-1c4a-4575-8936-a3754a08806a","lineup":["740d5fef-d59f-4dac-9a75-739ec07f91cf","e7ecf646-e5e4-49ef-a0e3-10a78e87f5f4","41bdb527-1fb2-487d-8237-093958e737e4","817dee99-9ccf-4f41-84e3-dc9773237bc8","1068f44b-34a0-42d8-a92e-2be748681a6f","17397256-c28c-4cad-85f2-a21768c66e67","733d80f1-2485-40f7-828b-fd7cd8243a01","97f5a9cd-72f0-413e-9e68-a6ee6a663489","b39b5aae-8571-4c90-887a-6a00f2a2f6fd","a1ed3396-114a-40bc-9ff0-54d7e1ad1718"],"rotation":["b7ca8f3f-2fdc-477b-84f4-157f2802e9b5","6b8d128f-ed51-496d-a965-6614476f8256","82d1b7b4-ce00-4536-8631-a025f05150ce","042962c8-4d8b-44a6-b854-6ccef3d82716","3a96d76a-c508-45a0-94a0-8f64cd6beeb4"],"bullpen":["fdfd36c7-e0c1-4fce-98f7-921c3d17eafe","dd7e710f-da4e-475b-b870-2c29fe9d8c00","3f08f8cd-6418-447a-84d3-22a981c68f16","721fb947-7548-49ea-8cbe-7721b0ed49e0","c6bd21a8-7880-4c00-8abe-33560fe84ac5","4fe28bc1-f690-4ad6-ad09-1b2e984bf30b","ebf2da50-7711-46ba-9e49-341ce3487e00","d796d287-77ef-49f0-89ef-87bcdeb280ee"],"bench":["de52d5c0-cba4-4ace-8308-e2ed3f8799d0","13cfbadf-b048-4c4f-903d-f9b52616b15c","732899a3-2082-4d9f-b1c2-74c8b75e15fb","7d388846-8f4c-407f-aacb-b844d2561c5e"],"seasAttr":["PARTY_TIME"],"permAttr":[],"fullName":"Dallas
        Steaks","location":"Dallas","mainColor":"#8c8d8f","nickname":"Steaks","secondaryColor":"#b2b3b5","shorthand":"DAL","emoji":"0x1F969","slogan":"Well
        Done.","shameRuns":0,"totalShames":51,"totalShamings":70,"seasonShames":0,"seasonShamings":1,"championships":0,"weekAttr":[],"gameAttr":[],"rotationSlot":99,"teamSpirit":0,"card":3,"tournamentWins":0,"stadium":"6bfd22e7-831d-4ba9-a9f9-2cf7ab00c39d","eDensity":2014.0436157582335,"state":{},"evolution":0,"winStreak":3,"level":5}'
    headers:
      Connection:
      - keep-alive
      Content-Length:
      - '1679'
      Content-Type:
      - application/json; charset=utf-8
      Date:
      - Fri, 09 Apr 2021 23:52:27 GMT
      Etag:
      - W/"68f-BMLRsUQ9ksrrVLN7ivxyP6qt2bY"
      Server:
      - Cowboy
      Vary:
      - Host, X-Forwarded-Proto
      Via:
      - 1.1 vegur
      X-Powered-By:
      - Express
    status:
      code: 200
      message: OK
- request:
    body: null
    headers:
      Accept:
      - '*/*'
      Accept-Encoding:
      - gzip, deflate
      Connection:
      - keep-alive
      User-Agent:
      - python-requests/2.24.0
    method: GET
    uri: https://www.blaseball.com/database/team?id=adc5b394-8f76-416d-9ce9-813706877b84
  response:
    body:
      string: '{"id":"adc5b394-8f76-416d-9ce9-813706877b84","lineup":["88cd6efa-dbf2-4309-aabe-ec1d6f21f98a","4b6f0a4e-de18-44ad-b497-03b1f470c43c","fcbe1d14-04c4-4331-97ad-46e170610633","87e6ae4b-67de-4973-aa56-0fc9835a1e1e","a8a5cf36-d1a9-47d1-8d22-4a665933a7cc","fa5b54d2-b488-47cd-a529-592831e4813d","53e701c7-e3c8-4e18-ba05-9b41b4b64cda","cd417f8a-ce01-4ab2-921d-42e2e445bbe2"],"rotation":["a199a681-decf-4433-b6ab-5454450bbe5e","138fccc3-e66f-4b07-8327-d4b6f372f654","57290370-6723-4d33-929e-b4fc190e6a9a","7663c3ca-40a1-4f13-a430-14637dce797a","f2a27a7e-bf04-4d31-86f5-16bfa3addbe7"],"bullpen":["d46abb00-c546-4952-9218-4f16084e3238","6e373fca-b8ab-4848-9dcc-50e92cd732b7","9fd1f392-d492-4c48-8d46-27fb4283b2db","aae38811-122c-43dd-b59c-d0e203154dbe","113f47b2-3111-4abb-b25e-18f7889e2d44","64f4cd75-0c1e-42cf-9ff0-e41c4756f22a","a8e757c6-e299-4a2e-a370-4f7c3da98bd1","6598e40a-d76d-413f-ad06-ac4872875bde","90c8be89-896d-404c-945e-c135d063a74e"],"bench":["35d5b43f-8322-4666-aab1-d466b4a5a388","849e13dc-6eb1-40a8-b55c-d4b4cd160aab","e9a46e0c-0437-443a-be81-956665ec588e","6305e2dd-2d5d-49ed-ab47-b1b56f0e7e85"],"seasAttr":["MIDDLING"],"permAttr":[],"fullName":"Kansas
        City Breath Mints","location":"Kansas City","mainColor":"#178f55","nickname":"Breath
        Mints","secondaryColor":"#178f55","shorthand":"KCBM","emoji":"0x1F36C","slogan":"Fresh
        Breath, Here We Come.","shameRuns":0,"totalShames":72,"totalShamings":53,"seasonShames":2,"seasonShamings":6,"championships":0,"weekAttr":[],"gameAttr":[],"rotationSlot":101,"teamSpirit":0,"card":12,"tournamentWins":0,"stadium":"21ce1233-b2d6-4bd2-8d03-68a8915afdc5","eDensity":1847.0766129129458,"state":{"permModSources":{}},"evolution":0,"winStreak":1,"level":5}'
    headers:
      Connection:
      - keep-alive
      Content-Length:
      - '1699'
      Content-Type:
      - application/json; charset=utf-8
      Date:
      - Fri, 09 Apr 2021 23:52:27 GMT
      Etag:
      - W/"6a3-sBYhkgz/AHeA/JCH+PMin7bgzgM"
      Server:
      - Cowboy
      Vary:
      - Host, X-Forwarded-Proto
      Via:
      - 1.1 vegur
      X-Powered-By:
      - Express
    status:
      code: 200
      message: OK
- request:
    body: null
    headers:
      Accept:
      - '*/*'
      Accept-Encoding:
      - gzip, deflate
      Connection:
      - keep-alive
      User-Agent:
      - python-requests/2.24.0
    method: GET
    uri: https://www.blaseball.com/database/team?id=3f8bbb15-61c0-4e3f-8e4a-907a5fb1565e
  response:
    body:
      string: '{"id":"3f8bbb15-61c0-4e3f-8e4a-907a5fb1565e","lineup":["28964497-0efe-420c-9c1d-8574f224a4e9","718dea1a-d9a8-4c2b-933a-f0667b5250e6","855775c1-266f-40f6-b07b-3a67ccdf8551","c09e64b6-8248-407e-b3af-1931b880dbee","51c5473a-7545-4a9a-920d-d9b718d0e8d1","8acc97fa-4bf1-49f6-bb93-fb52513a015b","d51f1fe8-4ab8-411e-b836-5bba92984d32","8cd06abf-be10-4a35-a3ab-1a408a329147","75f9d874-5e69-438d-900d-a3fcb1d429b3","4ffd2e50-bb5b-45d0-b7c4-e24d41b2ff5d","be18d363-752d-4e4a-b06b-1a7e4641400b"],"rotation":["ff5a37d9-a6dd-49aa-b6fb-b935fd670820","7dcf6902-632f-48c5-936a-7cf88802b93a","defbc540-a36d-460b-afd8-07da2375ee63","2da49de2-34e5-49d0-b752-af2a2ee061be","a647388d-fc59-4c1b-90d3-8c1826e07775"],"bullpen":["51985516-5033-4ab8-a185-7bda07829bdb","98f26a25-905f-4850-8960-b741b0c583a4","4b73367f-b2bb-4df6-b2eb-2a0dd373eead","a938f586-f5c1-4a35-9e7f-8eaab6de67a6","c771abab-f468-46e9-bac5-43db4c5b410f","a98917bc-e9df-4b0e-bbde-caa6168aa3d7","2cadc28c-88a5-4e25-a6eb-cdab60dd446d","e3e1d190-2b94-40c0-8e88-baa3fd198d0f"],"bench":["dfd5ccbb-90ed-4bfe-83e0-dae9cc763f10","d9a072f5-1cbb-45ce-87fb-b138e4d8f769","de67b585-9bf4-4e49-b410-101483ca2fbc","81b25b16-3370-4eb0-9d1b-6d630194c680","710541f4-bb89-4134-8973-958c82b29a41","3e008f60-6842-42e7-b125-b88c7e5c1a95","6caa8180-e178-4f8b-865c-f1af47119bc2"],"seasAttr":["PARTY_TIME"],"permAttr":["GROWTH"],"fullName":"Boston
        Flowers","location":"Boston","mainColor":"#f7d1ff","nickname":"Flowers","secondaryColor":"#f7d1ff","shorthand":"BOF","emoji":"0x1F339","slogan":"Let''s
        Grow!","shameRuns":0,"totalShames":59,"totalShamings":62,"seasonShames":5,"seasonShamings":6,"championships":0,"weekAttr":[],"gameAttr":[],"rotationSlot":99,"teamSpirit":0,"card":2,"tournamentWins":0,"stadium":"d37abba6-9fba-463a-8f4f-7cf49de3c7b6","eDensity":1946.3942470673053,"state":{},"evolution":0,"winStreak":-1,"level":5}'
    headers:
      Connection:
      - keep-alive
      Content-Length:
      - '1847'
      Content-Type:
      - application/json; charset=utf-8
      Date:
      - Fri, 09 Apr 2021 23:52:27 GMT
      Etag:
      - W/"737-6sRgSWrz7xFi6KJW0QfV8u/rz+I"
      Server:
      - Cowboy
      Vary:
      - Host, X-Forwarded-Proto
      Via:
      - 1.1 vegur
      X-Powered-By:
      - Express
    status:
      code: 200
      message: OK
- request:
    body: null
    headers:
      Accept:
      - '*/*'
      Accept-Encoding:
      - gzip, deflate
      Connection:
      - keep-alive
      User-Agent:
      - python-requests/2.24.0
    method: GET
    uri: https://www.blaseball.com/database/team?id=36569151-a2fb-43c1-9df7-2df512424c82
  response:
    body:
      string: '{"id":"36569151-a2fb-43c1-9df7-2df512424c82","lineup":["4b3e8e9b-6de1-4840-8751-b1fb45dc5605","766dfd1e-11c3-42b6-a167-9b2d568b5dc0","9e724d9a-92a0-436e-bde1-da0b2af85d8f","413b3ddb-d933-4567-a60e-6d157480239d","f38c5d80-093f-46eb-99d6-942aa45cd921","ec68845f-3b26-412f-8446-4fef34e09c77","04931546-1b4a-469f-b391-7ed67afe824c","16aff709-e855-47c8-8818-b9ba66e90fe8"],"rotation":["ae4acebd-edb5-4d20-bf69-f2d5151312ff","81d7d022-19d6-427d-aafc-031fcb79b29e","378c07b0-5645-44b5-869f-497d144c7b35","0c83e3b6-360e-4b7d-85e3-d906633c9ca0","18af933a-4afa-4cba-bda5-45160f3af99b","fedbceb8-e2aa-4868-ac35-74cd0445893f"],"bullpen":["ab9b2592-a64a-4913-bf6c-3ae5bd5d26a5","29bf512a-cd8c-4ceb-b25a-d96300c184bb","94d772c7-0254-4f08-814c-f6fc58fcfb9b","1e229fe5-a191-48ef-a7dd-6f6e13d6d73f","c4dec95e-78a1-4840-b209-b3b597181534","5c60f834-a133-4dc6-9c07-392fb37b3e6a","b7cdb93b-6f9d-468a-ae00-54cbc324ee84","c4951cae-0b47-468b-a3ac-390cc8e9fd05","cc113432-5f9b-46f8-9745-09f999d51801"],"bench":["1e7b02b7-6981-427a-b249-8e9bd35f3882","6a869b40-be99-4520-89e5-d382b07e4a3c","8d81b190-d3b8-4cd9-bcec-0e59fdd7f2bc","662f34f0-bd74-49a7-8506-50d4dd333c4c","c54fba12-2fb5-4091-b1d7-1449693b35d6","98220753-0a70-4a4e-8058-0a7bcb6f7d5d"],"seasAttr":[],"permAttr":["BIRD_SEED"],"fullName":"New
        York Millennials","location":"New York","mainColor":"#ffd4d8","nickname":"Millennials","secondaryColor":"#ffd4d8","shorthand":"NYMI","emoji":"0x1F4F1","slogan":"Youth
        Will Save Us","shameRuns":0,"totalShames":68,"totalShamings":57,"seasonShames":6,"seasonShamings":3,"championships":0,"weekAttr":[],"gameAttr":[],"rotationSlot":99,"teamSpirit":0,"card":5,"tournamentWins":0,"stadium":"ba794e99-4d6b-4e12-9450-6522745190f8","eDensity":2264.3173490837557,"state":{},"evolution":0,"winStreak":1,"level":5}'
    headers:
      Connection:
      - keep-alive
      Content-Length:
      - '1779'
      Content-Type:
      - application/json; charset=utf-8
      Date:
      - Fri, 09 Apr 2021 23:52:27 GMT
      Etag:
      - W/"6f3-06sP1gxhQy6HKMztJwLYe91iGQ8"
      Server:
      - Cowboy
      Vary:
      - Host, X-Forwarded-Proto
      Via:
      - 1.1 vegur
      X-Powered-By:
      - Express
    status:
      code: 200
      message: OK
version: 1
